current directory: /Users/iouna/Documents/INFO /CV+Homepage+PPT/github + Homepage /Yiounah.github.io/vendor/bundle/ruby/4.0.0/gems/http_parser.rb-0.6.0/ext/ruby_http_parser
/opt/homebrew/opt/ruby/bin/ruby extconf.rb
creating Makefile

current directory: /Users/iouna/Documents/INFO /CV+Homepage+PPT/github + Homepage /Yiounah.github.io/vendor/bundle/ruby/4.0.0/gems/http_parser.rb-0.6.0/ext/ruby_http_parser
make -j11 DESTDIR\= sitearchdir\=./.gem.20260901-96313-s1fgon sitelibdir\=./.gem.20260901-96313-s1fgon clean

current directory: /Users/iouna/Documents/INFO /CV+Homepage+PPT/github + Homepage /Yiounah.github.io/vendor/bundle/ruby/4.0.0/gems/http_parser.rb-0.6.0/ext/ruby_http_parser
make -j11 DESTDIR\= sitearchdir\=./.gem.20260901-96313-s1fgon sitelibdir\=./.gem.20260901-96313-s1fgon
compiling ruby_http_parser.c
compiling ryah_http_parser.c
clang: error: no such file or directory: '/CV+Homepage+PPT/github'
clang: error: no such file or directory: '+'
clang: error: no such file or directory: 'Homepage'
clang: error: no such file or directory: '/CV+Homepage+PPT/github'
clang: error: no such file or directory: '+'
clang: error: no such file or directory: 'Homepage'
clang: error: no such file or directory: '/Yiounah.github.io/vendor/bundle/ruby/4.0.0/gems/http_parser.rb-0.6.0/ext/ruby_http_parser'
clang: error: no such file or directory: '/Yiounah.github.io/vendor/bundle/ruby/4.0.0/gems/http_parser.rb-0.6.0/ext/ruby_http_parser'
make: *** [ruby_http_parser.o] Error 1
make: *** Waiting for unfinished jobs....
make: *** [ryah_http_parser.o] Error 1

make failed, exit code 2
